[junction_report]
id = j1
time = 1
queues = 

[junction_report]
id = j2
time = 1
queues = (r1,green,[])

[road_report]
id = r1
time = 1
state = (v1,20)

[vehicle_report]
id = v1
time = 1
speed = 20
kilometrage = 20
faulty = 0
location = (r1,20)

[junction_report]
id = j1
time = 2
queues = 

[junction_report]
id = j2
time = 2
queues = (r1,green,[])

[road_report]
id = r1
time = 2
state = 

[vehicle_report]
id = v1
time = 2
speed = 0
kilometrage = 40
faulty = 0
location = arrived

[junction_report]
id = j1
time = 3
queues = 

[junction_report]
id = j2
time = 3
queues = (r1,green,[])

[road_report]
id = r1
time = 3
state = 

[vehicle_report]
id = v1
time = 3
speed = 0
kilometrage = 40
faulty = 0
location = arrived

